// 重构日志: d191a7c1
// 重构日志: 26fa56be
// 同步 ID: e4e009e8 @ Tue Jul 21 05:33:59 UTC 2026
// 同步 ID: b3011126 @ Tue Jul 21 21:27:36 UTC 2026
// 重构日志: b8d9f8fc
// 重构日志: 46476ec8
// 同步 ID: 72b7d01c @ Thu Jul 23 02:00:41 UTC 2026
// 重构日志: 7978110f
// 同步 ID: 9d292d9b @ Thu Jul 23 16:17:33 UTC 2026
// 重构日志: 3e732e13
// 重构日志: aacc8c83
// 同步 ID: 7ba2221e @ Fri Jul 24 13:21:44 UTC 2026
// 同步 ID: ba6a21c0 @ Fri Jul 24 15:54:04 UTC 2026
// 重构日志: 82890313
// 同步 ID: 68db75c0 @ Sat Jul 25 11:12:01 UTC 2026
// 重构日志: 48599f3f
// 重构日志: 4cb322eb
// 同步 ID: 514326d0 @ Mon Jul 27 13:20:58 UTC 2026
// 重构日志: 2deb865d
// 同步 ID: 353d2085 @ Tue Jul 28 17:46:27 UTC 2026
// 同步 ID: e60315d6 @ Wed Jul 29 08:21:52 UTC 2026
// 同步 ID: bc922efa @ Sat Aug  1 14:18:18 UTC 2026
// 同步 ID: 29a0ea10 @ Sat Aug  1 16:12:42 UTC 2026
// 重构日志: 3275bb59
// 同步 ID: 5276c5c7 @ Sun Aug  2 08:27:09 UTC 2026
// 同步 ID: 761e226c @ Sun Aug  2 17:56:36 UTC 2026
// 重构日志: 666511af
// 重构日志: 6176ebb4
// 重构日志: 93660f64
// 同步 ID: dea7e59e @ Tue Aug  4 07:36:55 UTC 2026
